ScreenSizeMismatch
ScreenSizeMismatch
ScreenSizeMismatch
ScreenSizeMismatch
ScreenSizeMismatch
ScreenSizeMismatch
ScreenSizeMismatch
ScreenSizeMismatch
ScreenSizeMismatch
ScreenSizeMismatch
ScreenSizeMismatch
ScreenSizeMismatch
ScreenSizeMismatch
ScreenSizeMismatch
ScreenSizeMismatch
ParameterUndefinedInConfigFile
ParameterUndefinedInConfigFile
ParameterUndefinedInConfigFile
ParameterUndefinedInConfigFile
ParameterUndefinedInConfigFile
ParameterUndefinedInConfigFile
ParameterUndefinedInConfigFile
ParameterUndefinedInConfigFile
ParameterUndefinedInConfigFile
ParameterUndefinedInConfigFile
ScreenSizeMismatch
ParameterUndefinedInConfigFile
ParameterUndefinedInConfigFile
ParameterUndefinedInConfigFile
ParameterUndefinedInConfigFile
ScreenSizeMismatch
ParameterUndefinedInConfigFile
ScreenSizeMismatch
ParameterUndefinedInConfigFile
ScreenSizeMismatch
ParameterUndefinedInConfigFile
ScreenSizeMismatch
ParameterUndefinedInConfigFile
ScreenSizeMismatch
ParameterUndefinedInConfigFile
ScreenSizeMismatch
ParameterUndefinedInConfigFile
ScreenSizeMismatch
ParameterUndefinedInConfigFile
ScreenSizeMismatch
ParameterUndefinedInConfigFile
ScreenSizeMismatch
ParameterUndefinedInConfigFile
ScreenSizeMismatch
ParameterUndefinedInConfigFile
ScreenSizeMismatch
ParameterUndefinedInConfigFile
ScreenSizeMismatch
ParameterUndefinedInConfigFile
ScreenSizeMismatch
ParameterUndefinedInConfigFile
ScreenSizeMismatch
ParameterUndefinedInConfigFile
ScreenSizeMismatch
ParameterUndefinedInConfigFile
ScreenSizeMismatch
ParameterUndefinedInConfigFile
ScreenSizeMismatch
ParameterUndefinedInConfigFile
ScreenSizeMismatch
ParameterUndefinedInConfigFile
ScreenSizeMismatch
ParameterUndefinedInConfigFile
ScreenSizeMismatch
ParameterUndefinedInConfigFile
ScreenSizeMismatch
ParameterUndefinedInConfigFile
ScreenSizeMismatch
ParameterUndefinedInConfigFile
ScreenSizeMismatch
ParameterUndefinedInConfigFile
ScreenSizeMismatch
ParameterUndefinedInConfigFile
ScreenSizeMismatch
ParameterUndefinedInConfigFile
ScreenSizeMismatch
ParameterUndefinedInConfigFile
ScreenSizeMismatch
ParameterUndefinedInConfigFile
ScreenSizeMismatch
ParameterUndefinedInConfigFile
ScreenSizeMismatch
ParameterUndefinedInConfigFile
ScreenSizeMismatch
ParameterUndefinedInConfigFile
ScreenSizeMismatch
ParameterUndefinedInConfigFile
ScreenSizeMismatch
ParameterUndefinedInConfigFile
ScreenSizeMismatch
ParameterUndefinedInConfigFile
ScreenSizeMismatch
ParameterUndefinedInConfigFile
ScreenSizeMismatch
ParameterUndefinedInConfigFile
ScreenSizeMismatch
ParameterUndefinedInConfigFile
ScreenSizeMismatch
ParameterUndefinedInConfigFile
ScreenSizeMismatch
ParameterUndefinedInConfigFile
ScreenSizeMismatch
ParameterUndefinedInConfigFile
ParameterUndefinedInConfigFile
ScreenSizeMismatch
ParameterUndefinedInConfigFile
ParameterUndefinedInConfigFile
ScreenSizeMismatch
ParameterUndefinedInConfigFile
ParameterUndefinedInConfigFile
ScreenSizeMismatch
ParameterUndefinedInConfigFile
ParameterUndefinedInConfigFile
ScreenSizeMismatch
ParameterUndefinedInConfigFile
ParameterUndefinedInConfigFile
ScreenSizeMismatch
ParameterUndefinedInConfigFile
ParameterUndefinedInConfigFile
ScreenSizeMismatch
ParameterUndefinedInConfigFile
ParameterUndefinedInConfigFile
ScreenSizeMismatch
ParameterUndefinedInConfigFile
ParameterUndefinedInConfigFile
ScreenSizeMismatch
ParameterUndefinedInConfigFile
ParameterUndefinedInConfigFile
ScreenSizeMismatch
ParameterUndefinedInConfigFile
ParameterUndefinedInConfigFile
ScreenSizeMismatch
ParameterUndefinedInConfigFile
ParameterUndefinedInConfigFile
ScreenSizeMismatch
ParameterUndefinedInConfigFile
ParameterUndefinedInConfigFile
ScreenSizeMismatch
ParameterUndefinedInConfigFile
ParameterUndefinedInConfigFile
ScreenSizeMismatch
ParameterUndefinedInConfigFile
ParameterUndefinedInConfigFile
ScreenSizeMismatch
ParameterUndefinedInConfigFile
ParameterUndefinedInConfigFile
ScreenSizeMismatch
ParameterUndefinedInConfigFile
ParameterUndefinedInConfigFile
ScreenSizeMismatch
ParameterUndefinedInConfigFile
ParameterUndefinedInConfigFile
ScreenSizeMismatch
ParameterUndefinedInConfigFile
ParameterUndefinedInConfigFile
ScreenSizeMismatch
ParameterUndefinedInConfigFile
ParameterUndefinedInConfigFile
ScreenSizeMismatch
ParameterUndefinedInConfigFile
ParameterUndefinedInConfigFile
ScreenSizeMismatch
ParameterUndefinedInConfigFile
ParameterUndefinedInConfigFile
ScreenSizeMismatch
ParameterUndefinedInConfigFile
ParameterUndefinedInConfigFile
ScreenSizeMismatch
ParameterUndefinedInConfigFile
ParameterUndefinedInConfigFile
ScreenSizeMismatch
ParameterUndefinedInConfigFile
ParameterUndefinedInConfigFile
ScreenSizeMismatch
ParameterUndefinedInConfigFile
ParameterUndefinedInConfigFile
ScreenSizeMismatch
ParameterUndefinedInConfigFile
ParameterUndefinedInConfigFile
ScreenSizeMismatch
ParameterUndefinedInConfigFile
ParameterUndefinedInConfigFile
ParameterUndefinedInConfigFile
ParameterUndefinedInConfigFile
ParameterUndefinedInConfigFile
ParameterUndefinedInConfigFile
ParameterUndefinedInConfigFile
ParameterUndefinedInConfigFile
ParameterUndefinedInConfigFile
ParameterUndefinedInConfigFile
ParameterUndefinedInConfigFile
ParameterUndefinedInConfigFile
ParameterUndefinedInConfigFile
ParameterUndefinedInConfigFile
ParameterUndefinedInConfigFile
ParameterUndefinedInConfigFile
ParameterUndefinedInConfigFile
ParameterUndefinedInConfigFile
ParameterUndefinedInConfigFile
ParameterUndefinedInConfigFile
ParameterUndefinedInConfigFile
ParameterUndefinedInConfigFile
ParameterUndefinedInConfigFile
ParameterUndefinedInConfigFile
ParameterUndefinedInConfigFile
ParameterUndefinedInConfigFile
ParameterUndefinedInConfigFile
ParameterUndefinedInConfigFile
ParameterUndefinedInConfigFile
ParameterUndefinedInConfigFile
ParameterUndefinedInConfigFile
ParameterUndefinedInConfigFile
ParameterUndefinedInConfigFile
ParameterUndefinedInConfigFile
ParameterUndefinedInConfigFile
ParameterUndefinedInConfigFile
ParameterUndefinedInConfigFile
ParameterUndefinedInConfigFile
ParameterUndefinedInConfigFile
ParameterUndefinedInConfigFile
ParameterUndefinedInConfigFile
ParameterUndefinedInConfigFile
ParameterUndefinedInConfigFile
ParameterUndefinedInConfigFile
ParameterUndefinedInConfigFile
ParameterUndefinedInConfigFile
ParameterUndefinedInConfigFile
ParameterUndefinedInConfigFile
ParameterUndefinedInConfigFile
ParameterUndefinedInConfigFile
ParameterUndefinedInConfigFile
ParameterUndefinedInConfigFile
ParameterUndefinedInConfigFile
ParameterUndefinedInConfigFile
ParameterUndefinedInConfigFile
ParameterUndefinedInConfigFile
ParameterUndefinedInConfigFile
ParameterUndefinedInConfigFile
ParameterUndefinedInConfigFile
ParameterUndefinedInConfigFile
ParameterUndefinedInConfigFile
ParameterUndefinedInConfigFile
ParameterUndefinedInConfigFile
ParameterUndefinedInConfigFile
ParameterUndefinedInConfigFile
ParameterUndefinedInConfigFile
ParameterUndefinedInConfigFile
ParameterUndefinedInConfigFile
ParameterUndefinedInConfigFile
ParameterUndefinedInConfigFile
ParameterUndefinedInConfigFile
ParameterUndefinedInConfigFile
ParameterUndefinedInConfigFile
ParameterUndefinedInConfigFile
ParameterUndefinedInConfigFile
ParameterUndefinedInConfigFile
ParameterUndefinedInConfigFile
ParameterUndefinedInConfigFile
ParameterUndefinedInConfigFile
ParameterUndefinedInConfigFile
ParameterUndefinedInConfigFile
ParameterUndefinedInConfigFile
ParameterUndefinedInConfigFile
ParameterUndefinedInConfigFile
ParameterUndefinedInConfigFile
ParameterUndefinedInConfigFile
ParameterUndefinedInConfigFile
ParameterUndefinedInConfigFile
ParameterUndefinedInConfigFile
ParameterUndefinedInConfigFile
ParameterUndefinedInConfigFile
ParameterUndefinedInConfigFile
ParameterUndefinedInConfigFile
ParameterUndefinedInConfigFile
ParameterUndefinedInConfigFile
ParameterUndefinedInConfigFile
ParameterUndefinedInConfigFile
ParameterUndefinedInConfigFile
ParameterUndefinedInConfigFile
ParameterUndefinedInConfigFile
ParameterUndefinedInConfigFile
ParameterUndefinedInConfigFile
ParameterUndefinedInConfigFile
ParameterUndefinedInConfigFile
ParameterUndefinedInConfigFile
ParameterUndefinedInConfigFile
ScreenSizeMismatch
ParameterUndefinedInConfigFile
ParameterUndefinedInConfigFile
ScreenSizeMismatch
ParameterUndefinedInConfigFile
ScreenSizeMismatch
ParameterUndefinedInConfigFile
ScreenSizeMismatch
ParameterUndefinedInConfigFile
ScreenSizeMismatch
ParameterUndefinedInConfigFile
ScreenSizeMismatch
ParameterUndefinedInConfigFile
ParameterUndefinedInConfigFile
ParameterUndefinedInConfigFile
ScreenSizeMismatch
ParameterUndefinedInConfigFile
ScreenSizeMismatch
ParameterUndefinedInConfigFile
ParameterUndefinedInConfigFile
ParameterUndefinedInConfigFile
ParameterUndefinedInConfigFile
ParameterUndefinedInConfigFile
ParameterUndefinedInConfigFile
ParameterUndefinedInConfigFile
ParameterUndefinedInConfigFile
ParameterUndefinedInConfigFile
ParameterUndefinedInConfigFile
ParameterUndefinedInConfigFile
ParameterUndefinedInConfigFile
ParameterUndefinedInConfigFile
ParameterUndefinedInConfigFile
ParameterUndefinedInConfigFile
ParameterUndefinedInConfigFile
ParameterUndefinedInConfigFile
ParameterUndefinedInConfigFile
ParameterUndefinedInConfigFile
ScreenSizeMismatch
ParameterUndefinedInConfigFile
ParameterUndefinedInConfigFile
ParameterUndefinedInConfigFile
ParameterUndefinedInConfigFile
ParameterUndefinedInConfigFile
ParameterUndefinedInConfigFile
